<html>
<body>
<pre>
<h1>µVision Build Log</h1>
<h2>Project:</h2>
C:\Keil\Labware_2020\Labware\Lab14_VirtualMeasurementOfDistance\Lab14.uvproj
Project File Date:  10/06/2020

<h2>Output:</h2>
Build target 'Lab14'
linking...
Program Size: Code=7388 RO-data=7568 RW-data=132 ZI-data=1764  
".\Lab14.axf" - 0 Error(s), 0 Warning(s).
Load "C:\\Keil\\Labware_2020\\Labware\\Lab14_VirtualMeasurementOfDistance\\Lab14.axf" 
Connecting: Mode=JTAG, Speed=1000000Hz
Erase Done.
Programming Done.
Verify OK.
</pre>
</body>
</html>
y OK.
